// Jest Snapshot v1, https://goo.gl/fbAQLP

exports[`runs Axe on Button 1`] = `
Array [
  Object {
    "level": "error",
    "message": Object {
      "richText": "Fix all of the following:
- ARIA attribute is not widely supported in screen readers and assistive technologies:  aria-roledescription",
      "text": "Fix all of the following: ARIA attribute is not widely supported in screen readers and assistive technologies:  aria-roledescription.",
    },
    "properties": Object {
      "tags": Array [
        "Accessibility",
      ],
    },
    "ruleId": "aria-allowed-attr",
  },
  Object {
    "level": "error",
    "message": Object {
      "richText": "Fix all of the following:
- ARIA attribute is not widely supported in screen readers and assistive technologies:  aria-roledescription",
      "text": "Fix all of the following: ARIA attribute is not widely supported in screen readers and assistive technologies:  aria-roledescription.",
    },
    "properties": Object {
      "tags": Array [
        "Accessibility",
      ],
    },
    "ruleId": "aria-allowed-attr",
  },
  Object {
    "level": "error",
    "message": Object {
      "richText": "Fix all of the following:
- ARIA attribute is not widely supported in screen readers and assistive technologies:  aria-roledescription",
      "text": "Fix all of the following: ARIA attribute is not widely supported in screen readers and assistive technologies:  aria-roledescription.",
    },
    "properties": Object {
      "tags": Array [
        "Accessibility",
      ],
    },
    "ruleId": "aria-allowed-attr",
  },
  Object {
    "level": "error",
    "message": Object {
      "richText": "Fix all of the following:
- ARIA attribute is not widely supported in screen readers and assistive technologies:  aria-roledescription",
      "text": "Fix all of the following: ARIA attribute is not widely supported in screen readers and assistive technologies:  aria-roledescription.",
    },
    "properties": Object {
      "tags": Array [
        "Accessibility",
      ],
    },
    "ruleId": "aria-allowed-attr",
  },
  Object {
    "level": "error",
    "message": Object {
      "richText": "Fix all of the following:
- ARIA attribute is not widely supported in screen readers and assistive technologies:  aria-roledescription",
      "text": "Fix all of the following: ARIA attribute is not widely supported in screen readers and assistive technologies:  aria-roledescription.",
    },
    "properties": Object {
      "tags": Array [
        "Accessibility",
      ],
    },
    "ruleId": "aria-allowed-attr",
  },
]
`;

exports[`runs Axe on Button 2`] = `"Found 5 a11y errors for Button. Please check 'Scan' tab in 'office-ui-fabric-react' on Azure DevOps"`;
